h:\my drive\python\video game\vulkan tutorial\rpgprototype\rpgprototype\x64\release\vc143.pdb
h:\my drive\python\video game\vulkan tutorial\rpgprototype\rpgprototype\x64\release\main.obj
h:\my drive\python\video game\vulkan tutorial\rpgprototype\rpgprototype\x64\release\vulkan_window.obj
h:\my drive\python\video game\vulkan tutorial\rpgprototype\rpgprototype\x64\release\vulkan_swap_chain.obj
h:\my drive\python\video game\vulkan tutorial\rpgprototype\rpgprototype\x64\release\point_light_system.obj
h:\my drive\python\video game\vulkan tutorial\rpgprototype\rpgprototype\x64\release\vulkan_render_system.obj
h:\my drive\python\video game\vulkan tutorial\rpgprototype\rpgprototype\x64\release\vulkan_renderer.obj
h:\my drive\python\video game\vulkan tutorial\rpgprototype\rpgprototype\x64\release\vulkan_pipeline.obj
h:\my drive\python\video game\vulkan tutorial\rpgprototype\rpgprototype\x64\release\vulkan_model.obj
h:\my drive\python\video game\vulkan tutorial\rpgprototype\rpgprototype\x64\release\game_object.obj
h:\my drive\python\video game\vulkan tutorial\rpgprototype\rpgprototype\x64\release\vulkan_device.obj
h:\my drive\python\video game\vulkan tutorial\rpgprototype\rpgprototype\x64\release\vulkan_descriptors.obj
h:\my drive\python\video game\vulkan tutorial\rpgprototype\rpgprototype\x64\release\vulkan_camera.obj
h:\my drive\python\video game\vulkan tutorial\rpgprototype\rpgprototype\x64\release\vulkan_buffer.obj
h:\my drive\python\video game\vulkan tutorial\rpgprototype\rpgprototype\x64\release\player.obj
h:\my drive\python\video game\vulkan tutorial\rpgprototype\rpgprototype\x64\release\entity.obj
h:\my drive\python\video game\vulkan tutorial\rpgprototype\rpgprototype\x64\release\packet_manager.obj
h:\my drive\python\video game\vulkan tutorial\rpgprototype\rpgprototype\x64\release\networking.obj
h:\my drive\python\video game\vulkan tutorial\rpgprototype\rpgprototype\x64\release\music.obj
h:\my drive\python\video game\vulkan tutorial\rpgprototype\rpgprototype\x64\release\input_controller.obj
h:\my drive\python\video game\vulkan tutorial\rpgprototype\rpgprototype\x64\release\app.obj
h:\my drive\python\video game\vulkan tutorial\rpgprototype\rpgprototype\x64\release\rpgprototype.ipdb
h:\my drive\python\video game\vulkan tutorial\rpgprototype\rpgprototype\x64\release\rpgprototype.tlog\cl.read.1.tlog
h:\my drive\python\video game\vulkan tutorial\rpgprototype\rpgprototype\x64\release\rpgprototype.tlog\cl.write.1.tlog
h:\my drive\python\video game\vulkan tutorial\rpgprototype\rpgprototype\x64\release\rpgprototype.tlog\cl.command.1.tlog
h:\my drive\python\video game\vulkan tutorial\rpgprototype\rpgprototype\x64\release\rpgprototype.tlog\link.read.1.tlog
h:\my drive\python\video game\vulkan tutorial\rpgprototype\rpgprototype\x64\release\rpgprototype.tlog\link.write.1.tlog
h:\my drive\python\video game\vulkan tutorial\rpgprototype\rpgprototype\x64\release\rpgprototype.tlog\link.command.1.tlog
